// Jest Snapshot v1, https://goo.gl/fbAQLP

exports[`<Chart /> Renders a Line chart 1`] = `ReactWrapper {}`;
