// Jest Snapshot v1, https://goo.gl/fbAQLP

exports[`<App /> component: renders correctly 1`] = `
<section>
  <div
    className="bg-gray-100"
  >
    <div
      className="h-screen flex overflow-hidden bg-gray-100"
    >
      <div
        className="hidden bg-indigo-200 md:flex md:flex-shrink-0"
      >
        <div
          className="flex flex-col w-64"
        >
          <div
            className="flex flex-col h-0 flex-1"
          >
            <div
              className="flex-1 flex flex-col pt-5 pb-4 overflow-y-auto"
            >
              <div
                className="flex items-center flex-shrink-0 px-4"
              >
                <img
                  alt="Incorta"
                  className="h-8 w-auto"
                  src="https://www.incorta.com/hubfs/Incorta_2020/logos/incorta-logo.svg"
                />
              </div>
              <nav
                className="mt-5 flex-1 px-2 space-y-1 list"
              />
            </div>
          </div>
        </div>
      </div>
      <div
        className="flex flex-col w-0 flex-1 overflow-hidden"
      >
        <main
          className="flex-1 relative z-0 overflow-y-auto focus:outline-none"
        >
          <div
            className="py-6"
          >
            <div
              className="max-w-7xl mx-auto px-4 sm:px-6 md:px-8"
            >
              <h1
                className="text-2xl font-semibold text-gray-900"
              >
                Plotter
              </h1>
            </div>
            <div
              className="max-w-7xl mx-auto px-4 sm:px-6 md:px-8"
            >
              <div>
                <div
                  className="droppable-container"
                >
                  <span
                    className="droppable-containe_type p-1"
                  >
                    Dimension
                  </span>
                  <div
                    className="droppable flex shadow-sm bg-white p-1 focus:ring-indigo-500 focus:border-indigo-500 block w-full sm:text-sm border-gray-300 rounded-md"
                    onDragOver={[Function]}
                    onDrop={[Function]}
                  >
                    <span
                      className="item"
                    >
                      Product
                    </span>
                  </div>
                  <button
                    className="mt-3 w-full inline-flex items-center justify-center px-4 py-2 border border-transparent shadow-sm font-medium rounded-md text-white bg-indigo-600 hover:bg-indigo-700 focus:outline-none focus:ring-2 focus:ring-offset-2 focus:ring-indigo-500 sm:mt-0 sm:ml-3 sm:w-auto sm:text-sm"
                    onClick={[Function]}
                  >
                    clear
                  </button>
                </div>
                <div
                  className="droppable-container"
                >
                  <span
                    className="droppable-containe_type p-1"
                  >
                    Measures
                  </span>
                  <div
                    className="droppable flex shadow-sm bg-white p-1 focus:ring-indigo-500 focus:border-indigo-500 block w-full sm:text-sm border-gray-300 rounded-md"
                    onDragOver={[Function]}
                    onDrop={[Function]}
                  />
                  <button
                    className="mt-3 w-full inline-flex items-center justify-center px-4 py-2 border border-transparent shadow-sm font-medium rounded-md text-white bg-indigo-600 hover:bg-indigo-700 focus:outline-none focus:ring-2 focus:ring-offset-2 focus:ring-indigo-500 sm:mt-0 sm:ml-3 sm:w-auto sm:text-sm"
                    onClick={[Function]}
                  >
                    clear
                  </button>
                </div>
              </div>
              <div
                className="py-4"
              >
                <p
                  className="text-indigo-400 text-xs"
                >
                  You should first drag any measure or all of those options ( Cost - Revenue - Units Sold ) in the box!
                </p>
              </div>
            </div>
          </div>
        </main>
      </div>
    </div>
  </div>
</section>
`;
